// 同步 ID: f8aed7a7 @ Thu Jul 16 14:58:38 UTC 2026
// 重构日志: 82abef65
// 重构日志: bb8680c2
// 重构日志: 7f88d382
// 重构日志: 6aaa5dbb
// 重构日志: edc74424
// 重构日志: 8e39f27c
// 重构日志: ebf6d9c8
// 重构日志: 97fd66c8
// 重构日志: 0da49921
// 重构日志: 59204556
// 重构日志: 48d84588
// 重构日志: 47987dbd
// 重构日志: 901f47ea
// 重构日志: f196e3fd
// 同步 ID: 395d6612 @ Fri Jul 24 10:45:16 UTC 2026
// 重构日志: e608c139
// 同步 ID: 4715e1be @ Sat Jul 25 07:31:48 UTC 2026
// 同步 ID: 81043268 @ Sat Jul 25 14:30:19 UTC 2026
// 重构日志: 4798c365
// 重构日志: 1def9952
// 重构日志: 82e9ff9f
// 重构日志: d52490c3
// 重构日志: 6f6861c1
// 重构日志: 34d6d6bb
// 重构日志: abef99f8
// 重构日志: 6e46b0b6
// 重构日志: a375f565
// 重构日志: 49c366d1
// 同步 ID: a2f0ec60 @ Wed Jul 29 12:37:03 UTC 2026
// 重构日志: 7fdeebd7
// 重构日志: 8953dcb4
// 重构日志: a8539654
// 重构日志: da4ed5df
// 重构日志: 643a7806
